// Jest Snapshot v1, https://goo.gl/fbAQLP

exports[`Game Screen component matches the snapshot 1`] = `
<inject-GameScreen-with-store
  store={
    store {
      "closeAllModals": [Function],
      "db": Object {
        "transaction": [MockFunction],
      },
      "getPermutatedWords": [Function],
      "isAboutModalOpen": false,
      "isInstructionsModalOpen": false,
      "isMenuModalOpen": false,
      "letters": "         ",
      "loading": false,
      "nav": Object {
        "get": [Function],
        "goto": [Function],
        "resetto": [Function],
      },
      "navigator": Object {},
      "newGameOptions": Object {
        "timed": false,
        "wordRange": Object {
          "max": 49,
          "min": 10,
        },
      },
      "orientation": 0,
      "scored": false,
      "scores": Array [
        Object {
          "percent": 100,
        },
        Object {
          "percent": 85,
        },
        Object {
          "percent": 65,
        },
        Object {
          "percent": 40,
        },
        Object {
          "percent": 0,
        },
      ],
      "selected": Array [],
      "shuffle": [Function],
      "statusText": "",
      "timer": -1,
      "tried": Object {},
      "width": 320,
      "words": Object {},
    }
  }
>
  <GameScreen
    store={
      store {
        "closeAllModals": [Function],
        "db": Object {
          "transaction": [MockFunction],
        },
        "getPermutatedWords": [Function],
        "isAboutModalOpen": false,
        "isInstructionsModalOpen": false,
        "isMenuModalOpen": false,
        "letters": "         ",
        "loading": false,
        "nav": Object {
          "get": [Function],
          "goto": [Function],
          "resetto": [Function],
        },
        "navigator": Object {},
        "newGameOptions": Object {
          "timed": false,
          "wordRange": Object {
            "max": 49,
            "min": 10,
          },
        },
        "orientation": 0,
        "scored": false,
        "scores": Array [
          Object {
            "percent": 100,
          },
          Object {
            "percent": 85,
          },
          Object {
            "percent": 65,
          },
          Object {
            "percent": 40,
          },
          Object {
            "percent": 0,
          },
        ],
        "selected": Array [],
        "shuffle": [Function],
        "statusText": "",
        "timer": -1,
        "tried": Object {},
        "width": 320,
        "words": Object {},
      }
    }
  >
    <ImageBackground
      source={
        Object {
          "testUri": "src/images/woodBackground.jpg",
        }
      }
      style={
        Object {
          "alignItems": "center",
          "alignSelf": "stretch",
          "flex": 1,
          "height": null,
          "justifyContent": "center",
          "width": null,
        }
      }
    >
      <react-native-mock>
        <View
          style={
            Object {
              "flex": 1,
              "flexDirection": "column",
              "width": "100%",
            }
          }
        >
          <react-native-mock>
            <Image
              source={
                Object {
                  "testUri": "src/images/tiltedPanel.png",
                }
              }
              style={
                Object {
                  "height": 423.52941176470586,
                  "position": "absolute",
                  "right": -361.4117647058823,
                  "top": -248.47058823529412,
                  "width": 451.7647058823529,
                }
              }
            >
              <react-native-mock />
            </Image>
            <Component
              animationState=""
              clearAnimation={[Function]}
              clearSelected={[Function]}
              gridEntries={
                Object {
                  "0": Object {
                    "letter": " ",
                    "selected": false,
                  },
                  "1": Object {
                    "letter": " ",
                    "selected": false,
                  },
                  "2": Object {
                    "letter": " ",
                    "selected": false,
                  },
                  "3": Object {
                    "letter": " ",
                    "selected": false,
                  },
                  "4": Object {
                    "letter": " ",
                    "selected": false,
                  },
                  "5": Object {
                    "letter": " ",
                    "selected": false,
                  },
                  "6": Object {
                    "letter": " ",
                    "selected": false,
                  },
                  "7": Object {
                    "letter": " ",
                    "selected": false,
                  },
                  "8": Object {
                    "letter": " ",
                    "selected": false,
                  },
                }
              }
              selectedLetters=""
              submitWord={[Function]}
              toggleSelected={[Function]}
              triggerAnimation={[Function]}
            >
              <View
                animationState=""
                clearAnimation={[Function]}
                clearSelected={[Function]}
                gridEntries={
                  Object {
                    "0": Object {
                      "letter": " ",
                      "selected": false,
                    },
                    "1": Object {
                      "letter": " ",
                      "selected": false,
                    },
                    "2": Object {
                      "letter": " ",
                      "selected": false,
                    },
                    "3": Object {
                      "letter": " ",
                      "selected": false,
                    },
                    "4": Object {
                      "letter": " ",
                      "selected": false,
                    },
                    "5": Object {
                      "letter": " ",
                      "selected": false,
                    },
                    "6": Object {
                      "letter": " ",
                      "selected": false,
                    },
                    "7": Object {
                      "letter": " ",
                      "selected": false,
                    },
                    "8": Object {
                      "letter": " ",
                      "selected": false,
                    },
                  }
                }
                selectedLetters=""
                submitWord={[Function]}
                toggleSelected={[Function]}
                triggerAnimation={[Function]}
              >
                <react-native-mock>
                  18E4DC45-B77E-46C2-B7F5-D6AFA39240BB
                </react-native-mock>
              </View>
            </Component>
            <View
              style={
                Object {
                  "flex": 1,
                }
              }
            >
              <react-native-mock>
                <Component
                  isScored={false}
                  onMenu={[Function]}
                  onSubmit={[Function]}
                  scoreRank={4}
                  statusText=""
                  timerString=""
                  tried={Object {}}
                  words={Object {}}
                  wordsToNextLevel={0}
                >
                  <View
                    isScored={false}
                    onMenu={[Function]}
                    onSubmit={[Function]}
                    scoreRank={4}
                    statusText=""
                    timerString=""
                    tried={Object {}}
                    words={Object {}}
                    wordsToNextLevel={0}
                  >
                    <react-native-mock>
                      15D067E6-1538-46AD-89A0-8D8729169089
                    </react-native-mock>
                  </View>
                </Component>
              </react-native-mock>
            </View>
          </react-native-mock>
        </View>
      </react-native-mock>
    </ImageBackground>
  </GameScreen>
</inject-GameScreen-with-store>
`;
