// Jest Snapshot v1, https://goo.gl/fbAQLP

exports[`Loading Screen component matches the snapshot 1`] = `
<Image
  source={1}
  style={
    Object {
      "alignItems": "center",
      "alignSelf": "stretch",
      "flex": 1,
      "height": undefined,
      "justifyContent": "center",
      "width": undefined,
    }
  }
>
  <View
    style={
      Object {
        "alignContent": "center",
        "flex": 1,
        "justifyContent": "center",
      }
    }
  >
    <Text
      accessible={true}
      allowFontScaling={true}
      disabled={false}
      ellipsizeMode="tail"
      style={
        Object {
          "fontSize": 20,
        }
      }
    >
      Loading...
    </Text>
  </View>
</Image>
`;
