// Jest Snapshot v1, https://goo.gl/fbAQLP

exports[`Grid component matches the snapshot 1`] = `
<View
  style={
    Object {
      "alignItems": "center",
      "height": 320,
      "justifyContent": "center",
      "width": 320,
    }
  }
>
  <View
    style={
      Object {
        "alignItems": "center",
        "height": 300,
        "justifyContent": "center",
        "width": 300,
      }
    }
  >
    <View
      style={
        Object {
          "flex": 0.3333333333333333,
          "flexDirection": "row",
          "width": 300,
        }
      }
    >
      <View
        accessible={true}
        isTVSelectable={true}
        onResponderGrant={[Function]}
        onResponderMove={[Function]}
        onResponderRelease={[Function]}
        onResponderTerminate={[Function]}
        onResponderTerminationRequest={[Function]}
        onStartShouldSetResponder={[Function]}
        style={
          Object {
            "alignItems": "center",
            "backgroundColor": "#fff",
            "borderRadius": 3,
            "flex": 0.3333333333333333,
            "height": 98,
            "justifyContent": "center",
            "margin": 1,
            "opacity": 1,
            "width": 98,
          }
        }
      >
        <Text
          accessible={true}
          allowFontScaling={true}
          disabled={false}
          ellipsizeMode="tail"
          style={
            Object {
              "color": "#000",
              "fontSize": 60,
            }
          }
        />
      </View>
      <View
        accessible={true}
        isTVSelectable={true}
        onResponderGrant={[Function]}
        onResponderMove={[Function]}
        onResponderRelease={[Function]}
        onResponderTerminate={[Function]}
        onResponderTerminationRequest={[Function]}
        onStartShouldSetResponder={[Function]}
        style={
          Object {
            "alignItems": "center",
            "backgroundColor": "#fff",
            "borderRadius": 3,
            "flex": 0.3333333333333333,
            "height": 98,
            "justifyContent": "center",
            "margin": 1,
            "opacity": 1,
            "width": 98,
          }
        }
      >
        <Text
          accessible={true}
          allowFontScaling={true}
          disabled={false}
          ellipsizeMode="tail"
          style={
            Object {
              "color": "#000",
              "fontSize": 60,
            }
          }
        />
      </View>
      <View
        accessible={true}
        isTVSelectable={true}
        onResponderGrant={[Function]}
        onResponderMove={[Function]}
        onResponderRelease={[Function]}
        onResponderTerminate={[Function]}
        onResponderTerminationRequest={[Function]}
        onStartShouldSetResponder={[Function]}
        style={
          Object {
            "alignItems": "center",
            "backgroundColor": "#fff",
            "borderRadius": 3,
            "flex": 0.3333333333333333,
            "height": 98,
            "justifyContent": "center",
            "margin": 1,
            "opacity": 1,
            "width": 98,
          }
        }
      >
        <Text
          accessible={true}
          allowFontScaling={true}
          disabled={false}
          ellipsizeMode="tail"
          style={
            Object {
              "color": "#000",
              "fontSize": 60,
            }
          }
        />
      </View>
    </View>
    <View
      style={
        Object {
          "flex": 0.3333333333333333,
          "flexDirection": "row",
          "width": 300,
        }
      }
    >
      <View
        accessible={true}
        isTVSelectable={true}
        onResponderGrant={[Function]}
        onResponderMove={[Function]}
        onResponderRelease={[Function]}
        onResponderTerminate={[Function]}
        onResponderTerminationRequest={[Function]}
        onStartShouldSetResponder={[Function]}
        style={
          Object {
            "alignItems": "center",
            "backgroundColor": "#fff",
            "borderRadius": 3,
            "flex": 0.3333333333333333,
            "height": 98,
            "justifyContent": "center",
            "margin": 1,
            "opacity": 1,
            "width": 98,
          }
        }
      >
        <Text
          accessible={true}
          allowFontScaling={true}
          disabled={false}
          ellipsizeMode="tail"
          style={
            Object {
              "color": "#000",
              "fontSize": 60,
            }
          }
        />
      </View>
      <View
        accessible={true}
        isTVSelectable={true}
        onResponderGrant={[Function]}
        onResponderMove={[Function]}
        onResponderRelease={[Function]}
        onResponderTerminate={[Function]}
        onResponderTerminationRequest={[Function]}
        onStartShouldSetResponder={[Function]}
        style={
          Object {
            "alignItems": "center",
            "backgroundColor": "#aaa",
            "borderRadius": 3,
            "flex": 0.3333333333333333,
            "height": 98,
            "justifyContent": "center",
            "margin": 1,
            "opacity": 1,
            "width": 98,
          }
        }
      >
        <Text
          accessible={true}
          allowFontScaling={true}
          disabled={false}
          ellipsizeMode="tail"
          style={
            Object {
              "color": "#000",
              "fontSize": 60,
            }
          }
        />
      </View>
      <View
        accessible={true}
        isTVSelectable={true}
        onResponderGrant={[Function]}
        onResponderMove={[Function]}
        onResponderRelease={[Function]}
        onResponderTerminate={[Function]}
        onResponderTerminationRequest={[Function]}
        onStartShouldSetResponder={[Function]}
        style={
          Object {
            "alignItems": "center",
            "backgroundColor": "#fff",
            "borderRadius": 3,
            "flex": 0.3333333333333333,
            "height": 98,
            "justifyContent": "center",
            "margin": 1,
            "opacity": 1,
            "width": 98,
          }
        }
      >
        <Text
          accessible={true}
          allowFontScaling={true}
          disabled={false}
          ellipsizeMode="tail"
          style={
            Object {
              "color": "#000",
              "fontSize": 60,
            }
          }
        />
      </View>
    </View>
    <View
      style={
        Object {
          "flex": 0.3333333333333333,
          "flexDirection": "row",
          "width": 300,
        }
      }
    >
      <View
        accessible={true}
        isTVSelectable={true}
        onResponderGrant={[Function]}
        onResponderMove={[Function]}
        onResponderRelease={[Function]}
        onResponderTerminate={[Function]}
        onResponderTerminationRequest={[Function]}
        onStartShouldSetResponder={[Function]}
        style={
          Object {
            "alignItems": "center",
            "backgroundColor": "#fff",
            "borderRadius": 3,
            "flex": 0.3333333333333333,
            "height": 98,
            "justifyContent": "center",
            "margin": 1,
            "opacity": 1,
            "width": 98,
          }
        }
      >
        <Text
          accessible={true}
          allowFontScaling={true}
          disabled={false}
          ellipsizeMode="tail"
          style={
            Object {
              "color": "#000",
              "fontSize": 60,
            }
          }
        />
      </View>
      <View
        accessible={true}
        isTVSelectable={true}
        onResponderGrant={[Function]}
        onResponderMove={[Function]}
        onResponderRelease={[Function]}
        onResponderTerminate={[Function]}
        onResponderTerminationRequest={[Function]}
        onStartShouldSetResponder={[Function]}
        style={
          Object {
            "alignItems": "center",
            "backgroundColor": "#fff",
            "borderRadius": 3,
            "flex": 0.3333333333333333,
            "height": 98,
            "justifyContent": "center",
            "margin": 1,
            "opacity": 1,
            "width": 98,
          }
        }
      >
        <Text
          accessible={true}
          allowFontScaling={true}
          disabled={false}
          ellipsizeMode="tail"
          style={
            Object {
              "color": "#000",
              "fontSize": 60,
            }
          }
        />
      </View>
      <View
        accessible={true}
        isTVSelectable={true}
        onResponderGrant={[Function]}
        onResponderMove={[Function]}
        onResponderRelease={[Function]}
        onResponderTerminate={[Function]}
        onResponderTerminationRequest={[Function]}
        onStartShouldSetResponder={[Function]}
        style={
          Object {
            "alignItems": "center",
            "backgroundColor": "#fff",
            "borderRadius": 3,
            "flex": 0.3333333333333333,
            "height": 98,
            "justifyContent": "center",
            "margin": 1,
            "opacity": 1,
            "width": 98,
          }
        }
      >
        <Text
          accessible={true}
          allowFontScaling={true}
          disabled={false}
          ellipsizeMode="tail"
          style={
            Object {
              "color": "#000",
              "fontSize": 60,
            }
          }
        />
      </View>
    </View>
  </View>
</View>
`;

exports[`Grid component matches the snapshot 2`] = `
<View
  style={
    Object {
      "alignItems": "center",
      "height": 320,
      "justifyContent": "center",
      "width": 320,
    }
  }
>
  <View
    style={
      Object {
        "alignItems": "center",
        "height": 300,
        "justifyContent": "center",
        "width": 300,
      }
    }
  >
    <View
      style={
        Object {
          "flex": 0.3333333333333333,
          "flexDirection": "row",
          "width": 300,
        }
      }
    >
      <View
        accessible={true}
        isTVSelectable={true}
        onResponderGrant={[Function]}
        onResponderMove={[Function]}
        onResponderRelease={[Function]}
        onResponderTerminate={[Function]}
        onResponderTerminationRequest={[Function]}
        onStartShouldSetResponder={[Function]}
        style={
          Object {
            "alignItems": "center",
            "backgroundColor": "#fff",
            "borderRadius": 3,
            "flex": 0.3333333333333333,
            "height": 98,
            "justifyContent": "center",
            "margin": 1,
            "opacity": 1,
            "width": 98,
          }
        }
      >
        <Text
          accessible={true}
          allowFontScaling={true}
          disabled={false}
          ellipsizeMode="tail"
          style={
            Object {
              "color": "#000",
              "fontSize": 60,
            }
          }
        >
          A
        </Text>
      </View>
      <View
        accessible={true}
        isTVSelectable={true}
        onResponderGrant={[Function]}
        onResponderMove={[Function]}
        onResponderRelease={[Function]}
        onResponderTerminate={[Function]}
        onResponderTerminationRequest={[Function]}
        onStartShouldSetResponder={[Function]}
        style={
          Object {
            "alignItems": "center",
            "backgroundColor": "#fff",
            "borderRadius": 3,
            "flex": 0.3333333333333333,
            "height": 98,
            "justifyContent": "center",
            "margin": 1,
            "opacity": 1,
            "width": 98,
          }
        }
      >
        <Text
          accessible={true}
          allowFontScaling={true}
          disabled={false}
          ellipsizeMode="tail"
          style={
            Object {
              "color": "#000",
              "fontSize": 60,
            }
          }
        >
          S
        </Text>
      </View>
      <View
        accessible={true}
        isTVSelectable={true}
        onResponderGrant={[Function]}
        onResponderMove={[Function]}
        onResponderRelease={[Function]}
        onResponderTerminate={[Function]}
        onResponderTerminationRequest={[Function]}
        onStartShouldSetResponder={[Function]}
        style={
          Object {
            "alignItems": "center",
            "backgroundColor": "#ffa",
            "borderRadius": 3,
            "flex": 0.3333333333333333,
            "height": 98,
            "justifyContent": "center",
            "margin": 1,
            "opacity": 1,
            "width": 98,
          }
        }
      >
        <Text
          accessible={true}
          allowFontScaling={true}
          disabled={false}
          ellipsizeMode="tail"
          style={
            Object {
              "color": "#000",
              "fontSize": 60,
            }
          }
        >
          D
        </Text>
      </View>
    </View>
    <View
      style={
        Object {
          "flex": 0.3333333333333333,
          "flexDirection": "row",
          "width": 300,
        }
      }
    >
      <View
        accessible={true}
        isTVSelectable={true}
        onResponderGrant={[Function]}
        onResponderMove={[Function]}
        onResponderRelease={[Function]}
        onResponderTerminate={[Function]}
        onResponderTerminationRequest={[Function]}
        onStartShouldSetResponder={[Function]}
        style={
          Object {
            "alignItems": "center",
            "backgroundColor": "#ffa",
            "borderRadius": 3,
            "flex": 0.3333333333333333,
            "height": 98,
            "justifyContent": "center",
            "margin": 1,
            "opacity": 1,
            "width": 98,
          }
        }
      >
        <Text
          accessible={true}
          allowFontScaling={true}
          disabled={false}
          ellipsizeMode="tail"
          style={
            Object {
              "color": "#000",
              "fontSize": 60,
            }
          }
        >
          F
        </Text>
      </View>
      <View
        accessible={true}
        isTVSelectable={true}
        onResponderGrant={[Function]}
        onResponderMove={[Function]}
        onResponderRelease={[Function]}
        onResponderTerminate={[Function]}
        onResponderTerminationRequest={[Function]}
        onStartShouldSetResponder={[Function]}
        style={
          Object {
            "alignItems": "center",
            "backgroundColor": "#aaa",
            "borderRadius": 3,
            "flex": 0.3333333333333333,
            "height": 98,
            "justifyContent": "center",
            "margin": 1,
            "opacity": 1,
            "width": 98,
          }
        }
      >
        <Text
          accessible={true}
          allowFontScaling={true}
          disabled={false}
          ellipsizeMode="tail"
          style={
            Object {
              "color": "#000",
              "fontSize": 60,
            }
          }
        >
          G
        </Text>
      </View>
      <View
        accessible={true}
        isTVSelectable={true}
        onResponderGrant={[Function]}
        onResponderMove={[Function]}
        onResponderRelease={[Function]}
        onResponderTerminate={[Function]}
        onResponderTerminationRequest={[Function]}
        onStartShouldSetResponder={[Function]}
        style={
          Object {
            "alignItems": "center",
            "backgroundColor": "#fff",
            "borderRadius": 3,
            "flex": 0.3333333333333333,
            "height": 98,
            "justifyContent": "center",
            "margin": 1,
            "opacity": 1,
            "width": 98,
          }
        }
      >
        <Text
          accessible={true}
          allowFontScaling={true}
          disabled={false}
          ellipsizeMode="tail"
          style={
            Object {
              "color": "#000",
              "fontSize": 60,
            }
          }
        >
          H
        </Text>
      </View>
    </View>
    <View
      style={
        Object {
          "flex": 0.3333333333333333,
          "flexDirection": "row",
          "width": 300,
        }
      }
    >
      <View
        accessible={true}
        isTVSelectable={true}
        onResponderGrant={[Function]}
        onResponderMove={[Function]}
        onResponderRelease={[Function]}
        onResponderTerminate={[Function]}
        onResponderTerminationRequest={[Function]}
        onStartShouldSetResponder={[Function]}
        style={
          Object {
            "alignItems": "center",
            "backgroundColor": "#fff",
            "borderRadius": 3,
            "flex": 0.3333333333333333,
            "height": 98,
            "justifyContent": "center",
            "margin": 1,
            "opacity": 1,
            "width": 98,
          }
        }
      >
        <Text
          accessible={true}
          allowFontScaling={true}
          disabled={false}
          ellipsizeMode="tail"
          style={
            Object {
              "color": "#000",
              "fontSize": 60,
            }
          }
        >
          J
        </Text>
      </View>
      <View
        accessible={true}
        isTVSelectable={true}
        onResponderGrant={[Function]}
        onResponderMove={[Function]}
        onResponderRelease={[Function]}
        onResponderTerminate={[Function]}
        onResponderTerminationRequest={[Function]}
        onStartShouldSetResponder={[Function]}
        style={
          Object {
            "alignItems": "center",
            "backgroundColor": "#fff",
            "borderRadius": 3,
            "flex": 0.3333333333333333,
            "height": 98,
            "justifyContent": "center",
            "margin": 1,
            "opacity": 1,
            "width": 98,
          }
        }
      >
        <Text
          accessible={true}
          allowFontScaling={true}
          disabled={false}
          ellipsizeMode="tail"
          style={
            Object {
              "color": "#000",
              "fontSize": 60,
            }
          }
        >
          K
        </Text>
      </View>
      <View
        accessible={true}
        isTVSelectable={true}
        onResponderGrant={[Function]}
        onResponderMove={[Function]}
        onResponderRelease={[Function]}
        onResponderTerminate={[Function]}
        onResponderTerminationRequest={[Function]}
        onStartShouldSetResponder={[Function]}
        style={
          Object {
            "alignItems": "center",
            "backgroundColor": "#ffa",
            "borderRadius": 3,
            "flex": 0.3333333333333333,
            "height": 98,
            "justifyContent": "center",
            "margin": 1,
            "opacity": 1,
            "width": 98,
          }
        }
      >
        <Text
          accessible={true}
          allowFontScaling={true}
          disabled={false}
          ellipsizeMode="tail"
          style={
            Object {
              "color": "#000",
              "fontSize": 60,
            }
          }
        >
          L
        </Text>
      </View>
    </View>
  </View>
</View>
`;
